

ok \ ?
ok Comprehensive ?
ok Test ?
ok Suite ?
ok for ?
ok Division ?
ok (/)
?

ok \ ?
ok --- ?
ok Test ?
ok Positive ?
ok Integers ?
ok ---
?
ok 12 2 / 
ok . 6 
ok     \ ?
ok Expected: ?
ok 6

ok 100 10 / 
ok . 10 
ok   \ ?
ok Expected: ?
ok 10

ok 1000 5 / 
ok . 200 
ok   \ ?
ok Expected: ?
ok 200


ok \ ?
ok --- ?
ok Test ?
ok Division ?
ok by ?
ok One ?
ok ---
?
ok 42 1 / 
ok . 42 
ok     \ ?
ok Expected: ?
ok 42


ok \ ?
ok --- ?
ok Test ?
ok Zero ?
ok Dividend ?
ok ---
?
ok 0 5 / 
ok . 0 
ok      \ ?
ok Expected: ?
ok 0


ok \ ?
ok --- ?
ok Test ?
ok Signed ?
ok Division ?
ok (Positive ?
ok / 
ok Negative) ?
ok ---
?
ok 10 -2 / 
ok . -5 
ok    \ ?
ok Expected: ?
ok -5


ok \ ?
ok --- ?
ok Test ?
ok Signed ?
ok Division ?
ok (Negative ?
ok / 
ok Positive) ?
ok ---
?
ok -10 2 / 
ok . -5 
ok    \ ?
ok Expected: ?
ok -5


ok \ ?
ok --- ?
ok Test ?
ok Signed ?
ok Division ?
ok (Negative ?
ok / 
ok Negative) ?
ok ---
?
ok -20 -4 / 
ok . 5 
ok   \ ?
ok Expected: ?
ok 5


ok \ ?
ok --- ?
ok Test ?
ok Remainder ?
ok Discarding ?
ok (Floor ?
ok Division) ?
ok ---
?
ok 7 2 / 
ok . 3 
ok      \ ?
ok Expected: ?
ok 3

ok 11 3 / 
ok . 3 
ok     \ ?
ok Expected: ?
ok 3


ok \ ?
ok --- ?
ok Test ?
ok Large ?
ok Numbers ?
ok ---
?
ok 2000000 2 / 
ok . 1000000 
ok \ ?
ok Expected: ?
ok 1000000


ok \ ?
ok --- ?
ok Test ?
ok Division ?
ok by ?
ok Zero ?
ok (Safe ?
ok check) ?
ok ---
?
ok \ ?
ok The ?
ok current ?
ok implementation ?
ok returns ?
ok 0 for ?
ok division ?
ok by ?
ok zero ?
ok to ?
ok avoid ?
ok crashes.
?
ok 10 0 / 
ok . 0 
ok     \ ?
ok Expected: ?
ok 0


