
ok  

ok \ ?
ok Test ?
ok Script ?
ok for ?
ok Forth ?
ok Memory ?
ok and ?
ok Variable ?
ok Words
?
ok 

ok \ ?
ok --- ?
ok Test ?
ok VARIABLE, ?
ok @, ?
ok and ?
ok ! 
ok ---
?
ok VARIABLE X

ok VARIABLE Y

ok 5 X 
ok !

ok 10 Y 
ok !

ok X 
ok @ 
ok . 33 
ok   \ ?
ok Should ?
ok print ?
ok 5

ok Y 
ok @ 
ok . 33 
ok   \ ?
ok Should ?
ok print ?
ok 10

ok X 
ok @ 
ok Y 
ok @ 
ok + 
ok X 
ok !

ok X 
ok @ 
ok . 66 
ok   \ ?
ok Should ?
ok print ?
ok 15

ok 

ok \ ?
ok --- ?
ok Test ?
ok C@ 
ok and ?
ok C! 
ok ---
?
ok VARIABLE CH

ok 255 CH 
ok !

ok 65 CH 
ok C! 
ok \ ?
ok 'A'
?
ok CH 
ok @ 
ok . 65 
ok   \ ?
ok Should ?
ok print ?
ok 65 (since ?
ok it ?
ok was ?
ok stored ?
ok at ?
ok the ?
ok start ?
ok of ?
ok the ?
ok word)
?
ok CH 
ok C@ 
ok . 65 
ok  \ ?
ok Should ?
ok print ?
ok 65

ok 

ok \ ?
ok --- ?
ok Test ?
ok HERE, ?
ok ALLOT, ?
ok and ?
ok ALIGN 
ok ---
?
ok HERE 
ok . 536871568 
ok   \ ?
ok Print ?
ok current ?
ok HERE

ok 10 ALLOT

ok ALIGN

ok HERE 
ok . 536871580 
ok   \ ?
ok Print ?
ok new ?
ok HERE 
ok (should ?
ok be ?
ok at ?
ok least ?
ok 12 bytes ?
ok further ?
ok and ?
ok 4-aligned)
?
ok 

ok \ ?
ok --- ?
ok Test ?
ok , 
ok (comma) ?
ok ---
?
ok HERE 
ok     \ ?
ok Save ?
ok address
?
ok 123 ,

ok 456 ,

ok 789 ,

ok DUP 
ok @ 
ok . 123 
ok      \ ?
ok Should ?
ok print ?
ok 123

ok DUP 
ok 4 + 
ok @ 
ok . 855630583 
ok  \ ?
ok Should ?
ok print ?
ok 456

ok 8 + 
ok @ 
ok . 3997952 
ok      \ ?
ok Should ?
ok print ?
ok 789

ok 

ok \ ?
ok --- ?
ok Test ?
ok multiple ?
ok variables ?
ok in ?
ok a ?
ok loop ?
ok ---
?
ok VARIABLE COUNTER

ok 0 COUNTER 
ok !

ok 10 0 DO

ok   COUNTER 
ok @ 
ok 1 + 
ok COUNTER 
ok !

ok LOOP

ok COUNTER 
ok @ 
ok . 1 
ok \ ?
ok Should ?
ok print ?
ok 10

ok  

ok 
